
> neverwinter-live-parser@0.1.0 typecheck
> tsc --noEmit && tsc -p tsconfig.electron.json --noEmit

src/renderer/analysisViewModel.test.ts(6,3): error TS2322: Type '{ id: string; ownerId: string; ownerName: string; displayName: string; type: ActorType; totalDamage: number; totalHealing: number; damageTaken: number; hits: number; ... 14 more ...; deaths: number; }' is not assignable to type 'CombatantSnapshot'.
  Types of property 'damageMoments' are incompatible.
    Type 'DamageMomentStat[] | undefined' is not assignable to type 'DamageMomentStat[]'.
      Type 'undefined' is not assignable to type 'DamageMomentStat[]'.
src/renderer/components/ObsidianScreens.tsx(664,13): error TS2322: Type '(value: number) => string' is not assignable to type 'Formatter<ValueType, NameType> & ((value: ValueType, name: NameType, item: TooltipPayloadEntry, index: number, payload: TooltipPayload) => ReactNode | [...])'.
  Type '(value: number) => string' is not assignable to type 'Formatter<ValueType, NameType>'.
    Types of parameters 'value' and 'value' are incompatible.
      Type 'ValueType | undefined' is not assignable to type 'number'.
        Type 'undefined' is not assignable to type 'number'.
src/renderer/components/ObsidianScreens.tsx(794,13): error TS2322: Type '(value: number) => string' is not assignable to type 'Formatter<ValueType, NameType> & ((value: ValueType, name: NameType, item: TooltipPayloadEntry, index: number, payload: TooltipPayload) => ReactNode | [...])'.
  Type '(value: number) => string' is not assignable to type 'Formatter<ValueType, NameType>'.
    Types of parameters 'value' and 'value' are incompatible.
      Type 'ValueType | undefined' is not assignable to type 'number'.
        Type 'undefined' is not assignable to type 'number'.
src/renderer/components/ObsidianScreens.tsx(831,13): error TS2322: Type '(value: number) => string' is not assignable to type 'Formatter<ValueType, NameType> & ((value: ValueType, name: NameType, item: TooltipPayloadEntry, index: number, payload: TooltipPayload) => ReactNode | [...])'.
  Type '(value: number) => string' is not assignable to type 'Formatter<ValueType, NameType>'.
    Types of parameters 'value' and 'value' are incompatible.
      Type 'ValueType | undefined' is not assignable to type 'number'.
        Type 'undefined' is not assignable to type 'number'.
src/renderer/components/ObsidianScreens.tsx(855,13): error TS2322: Type '(value: number, name: string) => [string, string]' is not assignable to type 'Formatter<ValueType, NameType> & ((value: ValueType, name: NameType, item: TooltipPayloadEntry, index: number, payload: TooltipPayload) => ReactNode | [...])'.
  Type '(value: number, name: string) => [string, string]' is not assignable to type 'Formatter<ValueType, NameType>'.
    Types of parameters 'value' and 'value' are incompatible.
      Type 'ValueType | undefined' is not assignable to type 'number'.
        Type 'undefined' is not assignable to type 'number'.
src/renderer/components/ObsidianScreens.tsx(983,13): error TS2322: Type '(value: number) => string' is not assignable to type 'Formatter<ValueType, NameType> & ((value: ValueType, name: NameType, item: TooltipPayloadEntry, index: number, payload: TooltipPayload) => ReactNode | [...])'.
  Type '(value: number) => string' is not assignable to type 'Formatter<ValueType, NameType>'.
    Types of parameters 'value' and 'value' are incompatible.
      Type 'ValueType | undefined' is not assignable to type 'number'.
        Type 'undefined' is not assignable to type 'number'.
src/renderer/components/ObsidianScreens.tsx(3480,27): error TS2769: No overload matches this call.
  Overload 1 of 3, '(callbackfn: (previousValue: DamageMomentStat, currentValue: DamageMomentStat, currentIndex: number, array: DamageMomentStat[]) => DamageMomentStat, initialValue: DamageMomentStat): DamageMomentStat', gave the following error.
    Type 'DamageMomentStat | { abilityName: string; amount: number; targetName: string | undefined; }' is not assignable to type 'DamageMomentStat'.
      Type '{ abilityName: string; amount: number; targetName: string | undefined; }' is missing the following properties from type 'DamageMomentStat': second, critical
  Overload 2 of 3, '(callbackfn: (previousValue: { abilityName: string; amount: number; targetName: string | undefined; }, currentValue: DamageMomentStat, currentIndex: number, array: DamageMomentStat[]) => { ...; }, initialValue: { ...; }): { ...; }', gave the following error.
    Type 'DamageMomentStat | { abilityName: string; amount: number; targetName: string | undefined; }' is not assignable to type '{ abilityName: string; amount: number; targetName: string | undefined; }'.
      Type 'DamageMomentStat' is not assignable to type '{ abilityName: string; amount: number; targetName: string | undefined; }'.
        Property 'targetName' is optional in type 'DamageMomentStat' but required in type '{ abilityName: string; amount: number; targetName: string | undefined; }'.
src/renderer/components/ObsidianScreens.tsx(3721,15): error TS2339: Property 'timeline' does not exist on type 'DrilldownDetail'.
  Property 'timeline' does not exist on type '{ kind: "target"; title: string; subtitle: string; rows: { label: string; value: string; }[]; events: { title: string; subtitle: string; metric: string; }[]; }'.
src/renderer/components/ObsidianScreens.tsx(3724,41): error TS2339: Property 'timeline' does not exist on type 'DrilldownDetail'.
  Property 'timeline' does not exist on type '{ kind: "target"; title: string; subtitle: string; rows: { label: string; value: string; }[]; events: { title: string; subtitle: string; metric: string; }[]; }'.
src/renderer/components/ObsidianScreens.tsx(4173,13): error TS2322: Type '{ label: string; value: string; tone: "secondary"; icon: string; caption: string; }' is not assignable to type 'IntrinsicAttributes & { label: string; value: string; tone?: "error" | "default" | "primary" | "secondary" | "tertiary" | undefined; icon?: string | undefined; hint?: string | undefined; children?: ReactNode; }'.
  Property 'caption' does not exist on type 'IntrinsicAttributes & { label: string; value: string; tone?: "error" | "default" | "primary" | "secondary" | "tertiary" | undefined; icon?: string | undefined; hint?: string | undefined; children?: ReactNode; }'.
src/renderer/components/ObsidianScreens.tsx(4180,13): error TS2322: Type '{ label: string; value: string; tone: "primary"; icon: string; caption: string; }' is not assignable to type 'IntrinsicAttributes & { label: string; value: string; tone?: "error" | "default" | "primary" | "secondary" | "tertiary" | undefined; icon?: string | undefined; hint?: string | undefined; children?: ReactNode; }'.
  Property 'caption' does not exist on type 'IntrinsicAttributes & { label: string; value: string; tone?: "error" | "default" | "primary" | "secondary" | "tertiary" | undefined; icon?: string | undefined; hint?: string | undefined; children?: ReactNode; }'.
src/renderer/components/ObsidianScreens.tsx(4185,13): error TS2322: Type '"danger"' is not assignable to type '"error" | "default" | "primary" | "secondary" | "tertiary" | undefined'.
src/renderer/components/ObsidianScreens.tsx(4194,13): error TS2322: Type '{ label: string; value: string; tone: "tertiary"; icon: string; caption: string; }' is not assignable to type 'IntrinsicAttributes & { label: string; value: string; tone?: "error" | "default" | "primary" | "secondary" | "tertiary" | undefined; icon?: string | undefined; hint?: string | undefined; children?: ReactNode; }'.
  Property 'caption' does not exist on type 'IntrinsicAttributes & { label: string; value: string; tone?: "error" | "default" | "primary" | "secondary" | "tertiary" | undefined; icon?: string | undefined; hint?: string | undefined; children?: ReactNode; }'.
